{
  "id": "1b1b82a74e13840004822c1a",
  "device": "Garmin Connect",
  "name": "Untitled",
  "sourceXmlType": "tcx",
  "date": "2011-07-25T11:33:52+02:00",
  "laps": []
}