{
  "status": "OK",
  "7.3212,1.3419":"450.31",
  "4.3212,2.3419":"340.31",
  "3.6012,0.3419":"560.31"
}